(---------------------------------------------------------------------)
(                                                                     )
(    NC DRILL Log                                                     )
(                                                                     )
(    Drawing          : pcie_gen3_x4_nvme_adapter_reva_revk_final.drl )
(    Software Version : 25.1S040                                      )
(    Date/Time        : Sun Jul 26 23:07:34 2026                      )
(                                                                     )
(---------------------------------------------------------------------)



 Processing NC Parameters file 'nc_param.txt' ...

 NC PARAMETERS
 -------------

 FORMAT   		3.5
 MACHINE-OFFSET		x:0.00000	y:0.00000   (mm)
 FEEDRATE		1
 COORDINATES		ABSOLUTE
 OUTPUT-UNITS		METRIC
 TOOL-ORDER		INCREASING
 REPEAT-CODES		NO
 SUPPRESS-LEAD-ZEROES	NO
 SUPPRESS-TRAIL-ZEROES	NO
 SUPPRESS-EQUAL		NO
 TOOL-SELECT		YES
 HEADER			none
 LEADER			12
 CODE			ASCII
 SEPARATE		YES
 SEPARATE-ROUTING	NO
 OPTIMIZE_DRILLING	YES
 ENHANCED_EXCELLON	NO
 SCALE			1.000000

 WARNING(SPMHMF-368): Cannot find NC Drill tool file 'nc_tools.txt'
 WARNING(SPMHMF-369): ... will auto-generate tool file 'nc_tools_auto.txt'.


     Auto-generating tool file 'nc_tools_auto.txt' ...

           Size  Plating  Tool        + Tolerance  - Tolerance

         0.2000  P        T01            0.000000     0.000000
         1.0000  P        T02            0.000000     0.000000
         3.5000  N        T03            0.100000     0.100000


Drill files being output to directory 'C:/project/orcad_project/nvidia-lde-orcad-portfolio/manufacturing/stage3_final_revk' ...



     'pcie_gen3_x4_nvme_adapter_reva_revk_final-1-6.drl' created for holes connecting TOP and BOTTOM ; Plating = PLATED
     ------------------------------------------------------------------------------------------------------------------

     Tool  Num     Size      +/- Tolerance     Plating   Quantity

     T01    1.   0.2000    0.0000/  0.0000      PLATED         88
     T02    2.   1.0000    0.0000/  0.0000      PLATED          4

     ---- Total holes:                                         92

     ---- Total head travel:              1.50 feet (0.46 meters)




     'pcie_gen3_x4_nvme_adapter_reva_revk_final-1-6-np.drl' created for holes connecting TOP and BOTTOM ; Plating = NON_PLATED
     -------------------------------------------------------------------------------------------------------------------------

     Tool  Num     Size      +/- Tolerance     Plating   Quantity

     T03    1.   3.5000    0.1000/  0.1000  NON_PLATED          1

     ---- Total holes:                                          1

     ---- Total head travel:              0.40 feet (0.12 meters)

