
**** 07/24/26 14:58:30 ****** PSpice 25.1.0 (24 May 2026) ***** ID# 0 ********

 * Stage 2 PSpice command-line solver probe; not a Rev A design simulation.


 ****     CIRCUIT DESCRIPTION


******************************************************************************



VPROBE IN 0 DC 1
RPROBE IN 0 1K
.OP
.END

**** 07/24/26 14:58:30 ****** PSpice 25.1.0 (24 May 2026) ***** ID# 0 ********

 * Stage 2 PSpice command-line solver probe; not a Rev A design simulation.


 ****     SMALL SIGNAL BIAS SOLUTION       TEMPERATURE =   27.000 DEG C


******************************************************************************



 NODE   VOLTAGE     NODE   VOLTAGE     NODE   VOLTAGE     NODE   VOLTAGE


(   IN)    1.0000  




    VOLTAGE SOURCE CURRENTS
    NAME         CURRENT

    VPROBE      -1.000E-03

    TOTAL POWER DISSIPATION   1.00E-03  WATTS


**** 07/24/26 14:58:30 ****** PSpice 25.1.0 (24 May 2026) ***** ID# 0 ********

 * Stage 2 PSpice command-line solver probe; not a Rev A design simulation.


 ****     OPERATING POINT INFORMATION      TEMPERATURE =   27.000 DEG C


******************************************************************************





          JOB CONCLUDED

**** 07/24/26 14:58:30 ****** PSpice 25.1.0 (24 May 2026) ***** ID# 0 ********

 * Stage 2 PSpice command-line solver probe; not a Rev A design simulation.


 ****     JOB STATISTICS SUMMARY


******************************************************************************



  Total job time (using Solver 1)   =         .05
